b16Feb2020SunGITpractice1


h19SL@LAPTOP-I7UJGI2C MINGW64 ~
$ cd IdeaProjects

h19SL@LAPTOP-I7UJGI2C MINGW64 ~/IdeaProjects (master)
$ dir
CoreJava  Development  Hannah2020JavaBatch32  HelloWorld

h19SL@LAPTOP-I7UJGI2C MINGW64 ~/IdeaProjects (master)
$ git clone https://github.com/HannahMoses/HannahJavaBatch32Jan2020.git
Cloning into 'HannahJavaBatch32Jan2020'...
remote: Enumerating objects: 7, done.
remote: Counting objects: 100% (7/7), done.
remote: Compressing objects: 100% (6/6), done.
remote: Total 7 (delta 0), reused 0 (delta 0), pack-reused 0
Unpacking objects: 100% (7/7), 1.56 KiB | 3.00 KiB/s, done.

h19SL@LAPTOP-I7UJGI2C MINGW64 ~/IdeaProjects (master)
$ git status
On branch master

No commits yet

Untracked files:
  (use "git add <file>..." to include in what will be committed)
        Development/
        Hannah2020JavaBatch32/
        HannahJavaBatch32Jan2020/
        HelloWorld/

nothing added to commit but untracked files present (use "git add" to track)

h19SL@LAPTOP-I7UJGI2C MINGW64 ~/IdeaProjects (master)
$ git pull
There is no tracking information for the current branch.
Please specify which branch you want to merge with.
See git-pull(1) for details.

    git pull <remote> <branch>

If you wish to set tracking information for this branch you can do so with:

    git branch --set-upstream-to=<remote>/<branch> master


h19SL@LAPTOP-I7UJGI2C MINGW64 ~/IdeaProjects (master)
$ git status
On branch master

No commits yet

Untracked files:
  (use "git add <file>..." to include in what will be committed)
        Development/
        Hannah2020JavaBatch32/
        HannahJavaBatch32Jan2020/
        HelloWorld/

nothing added to commit but untracked files present (use "git add" to track)

h19SL@LAPTOP-I7UJGI2C MINGW64 ~/IdeaProjects (master)
$ git add *
warning: adding embedded git repository: Hannah2020JavaBatch32
hint: You've added another git repository inside your current repository.
hint: Clones of the outer repository will not contain the contents of
hint: the embedded repository and will not know how to obtain it.
hint: If you meant to add a submodule, use:
hint:
hint:   git submodule add <url> Hannah2020JavaBatch32
hint:
hint: If you added this path by mistake, you can remove it from the
hint: index with:
hint:
hint:   git rm --cached Hannah2020JavaBatch32
hint:
hint: See "git help submodule" for more information.
warning: adding embedded git repository: HannahJavaBatch32Jan2020

h19SL@LAPTOP-I7UJGI2C MINGW64 ~/IdeaProjects (master)
$ git status
On branch master

No commits yet

Changes to be committed:
  (use "git rm --cached <file>..." to unstage)
        new file:   Development/Batch32/CoreJava/.idea/description.html
        new file:   Development/Batch32/CoreJava/.idea/encodings.xml
        new file:   Development/Batch32/CoreJava/.idea/misc.xml
        new file:   Development/Batch32/CoreJava/.idea/modules.xml
        new file:   Development/Batch32/CoreJava/.idea/project-template.xml
        new file:   Development/Batch32/CoreJava/.idea/workspace.xml
        new file:   Development/Batch32/CoreJava/CoreJava.iml
        new file:   Development/Batch32/CoreJava/out/production/CoreJava/HelloWorld.class
        new file:   Development/Batch32/CoreJava/out/production/CoreJava/com/company/Main.class
        new file:   Development/Batch32/CoreJava/src/HelloWorld.java
        new file:   Development/Batch32/CoreJava/src/classes_example/Dog.java
        new file:   Development/Batch32/CoreJava/src/com/company/Main.java
        new file:   Development/Batch32/CoreJava/src/function/Method_example2.java
        new file:   Development/Batch32/CoreJava/src/function/calculator.java
        new file:   Development/Batch32/CoreJava/src/operators/Dog.java
        new file:   Hannah2020JavaBatch32
        new file:   HannahJavaBatch32Jan2020
        new file:   HelloWorld/.idea/misc.xml
        new file:   HelloWorld/.idea/modules.xml
        new file:   HelloWorld/.idea/vcs.xml
        new file:   HelloWorld/.idea/workspace.xml
        new file:   HelloWorld/HelloWorld.iml
        new file:   HelloWorld/out/production/HelloWorld/MyHouse.class
        new file:   HelloWorld/src/Dog.java
        new file:   HelloWorld/src/MyHouse.java
        new file:   HelloWorld/src/classes_example/Baby.java
        new file:   HelloWorld/src/classes_example/Dog.java
        new file:   HelloWorld/src/classes_example/MainClass2.java

Changes not staged for commit:
  (use "git add <file>..." to update what will be committed)
  (use "git restore <file>..." to discard changes in working directory)
  (commit or discard the untracked or modified content in submodules)
        modified:   Hannah2020JavaBatch32 (modified content)
        modified:   HannahJavaBatch32Jan2020 (untracked content)


h19SL@LAPTOP-I7UJGI2C MINGW64 ~/IdeaProjects (master)
$ dir
CoreJava  Development  Hannah2020JavaBatch32  HannahJavaBatch32Jan2020  HelloWorld

h19SL@LAPTOP-I7UJGI2C MINGW64 ~/IdeaProjects (master)
$ cd HannahJavaBatch32Jan2020

h19SL@LAPTOP-I7UJGI2C MINGW64 ~/IdeaProjects/HannahJavaBatch32Jan2020 (master)
$ git status
On branch master
Your branch is up to date with 'origin/master'.

Untracked files:
  (use "git add <file>..." to include in what will be committed)
        GIT/

nothing added to commit but untracked files present (use "git add" to track)

h19SL@LAPTOP-I7UJGI2C MINGW64 ~/IdeaProjects/HannahJavaBatch32Jan2020 (master)
$ git commit -m initial commit
error: pathspec 'commit' did not match any file(s) known to git

h19SL@LAPTOP-I7UJGI2C MINGW64 ~/IdeaProjects/HannahJavaBatch32Jan2020 (master)
$ git commit -m "initial commit"
On branch master
Your branch is up to date with 'origin/master'.

Untracked files:
        GIT/

nothing added to commit but untracked files present

h19SL@LAPTOP-I7UJGI2C MINGW64 ~/IdeaProjects/HannahJavaBatch32Jan2020 (master)
$ git push
Everything up-to-date

h19SL@LAPTOP-I7UJGI2C MINGW64 ~/IdeaProjects/HannahJavaBatch32Jan2020 (master)
$ git status
On branch master
Your branch is up to date with 'origin/master'.

Untracked files:
  (use "git add <file>..." to include in what will be committed)
        GIT/

nothing added to commit but untracked files present (use "git add" to track)

h19SL@LAPTOP-I7UJGI2C MINGW64 ~/IdeaProjects/HannahJavaBatch32Jan2020 (master)
$ git add
Nothing specified, nothing added.
Maybe you wanted to say 'git add .'?

h19SL@LAPTOP-I7UJGI2C MINGW64 ~/IdeaProjects/HannahJavaBatch32Jan2020 (master)
$ git add.
git: 'add.' is not a git command. See 'git --help'.

The most similar command is
        add

h19SL@LAPTOP-I7UJGI2C MINGW64 ~/IdeaProjects/HannahJavaBatch32Jan2020 (master)
$ git add .

h19SL@LAPTOP-I7UJGI2C MINGW64 ~/IdeaProjects/HannahJavaBatch32Jan2020 (master)
$ git commit -m "2nd commit"
[master 05767ab] 2nd commit
 1 file changed, 45 insertions(+)
 create mode 100644 GIT/b15Feb2020SatMyGItPractice3.txt

h19SL@LAPTOP-I7UJGI2C MINGW64 ~/IdeaProjects/HannahJavaBatch32Jan2020 (master)
$ git push
Enumerating objects: 5, done.
Counting objects: 100% (5/5), done.
Delta compression using up to 4 threads
Compressing objects: 100% (4/4), done.
Writing objects: 100% (4/4), 985 bytes | 492.00 KiB/s, done.
Total 4 (delta 0), reused 0 (delta 0)
remote: error: GH007: Your push would publish a private email address.
remote: You can make your email public or disable this protection by visiting:
remote: http://github.com/settings/emails
To https://github.com/HannahMoses/HannahJavaBatch32Jan2020.git
 ! [remote rejected] master -> master (push declined due to email privacy restrictions)
error: failed to push some refs to 'https://github.com/HannahMoses/HannahJavaBatch32Jan2020.git'

h19SL@LAPTOP-I7UJGI2C MINGW64 ~/IdeaProjects/HannahJavaBatch32Jan2020 (master)
$ git push
Enumerating objects: 5, done.
Counting objects: 100% (5/5), done.
Delta compression using up to 4 threads
Compressing objects: 100% (4/4), done.
Writing objects: 100% (4/4), 985 bytes | 492.00 KiB/s, done.
Total 4 (delta 0), reused 0 (delta 0)
To https://github.com/HannahMoses/HannahJavaBatch32Jan2020.git
   bf73b46..05767ab  master -> master

h19SL@LAPTOP-I7UJGI2C MINGW64 ~/IdeaProjects/HannahJavaBatch32Jan2020 (master)